@0 setpoint("der_a",0.0) setpoint("der_b",0.0) setpoint("der_c",5.0) setpoint("der_d",42.5) setpoint("der_e",3.4) setpoint("der_f",0.0) setpoint("der_g",4.3) setpoint("der_h",10.9) consent("der_g") consent("der_h");
@1 setpoint("der_a",0.0) setpoint("der_b",11.9) setpoint("der_c",9.5) setpoint("der_d",65.0) setpoint("der_e",0.0) setpoint("der_f",0.0) setpoint("der_g",19.7) setpoint("der_h",10.2) consent("der_d");
@2 setpoint("der_a",63.7) setpoint("der_b",0.0) setpoint("der_c",18.3) setpoint("der_d",84.3) setpoint("der_e",0.0) setpoint("der_f",0.0) setpoint("der_g",0.0) setpoint("der_h",0.0);
@3 setpoint("der_a",58.6) setpoint("der_b",23.1) setpoint("der_c",0.0) setpoint("der_d",68.2) setpoint("der_e",0.0) setpoint("der_f",0.0) setpoint("der_g",66.7) setpoint("der_h",0.0);
@4 setpoint("der_a",66.7) setpoint("der_b",0.0) setpoint("der_c",0.0) setpoint("der_d",44.3) setpoint("der_e",2.2) setpoint("der_f",6.8) setpoint("der_g",0.0) setpoint("der_h",0.0);
@5 setpoint("der_a",78.2) setpoint("der_b",0.0) setpoint("der_c",0.0) setpoint("der_d",69.1) setpoint("der_e",0.0) setpoint("der_f",0.0) setpoint("der_g",1.1) setpoint("der_h",0.0);
@6 setpoint("der_a",79.3) setpoint("der_b",0.0) setpoint("der_c",63.6) setpoint("der_d",75.4) setpoint("der_e",18.5) setpoint("der_f",0.0) setpoint("der_g",0.0) setpoint("der_h",0.0);
@7 setpoint("der_a",94.3) setpoint("der_b",0.0) setpoint("der_c",53.6) setpoint("der_d",103.7) setpoint("der_e",12.6) setpoint("der_f",13.5) setpoint("der_g",0.0) setpoint("der_h",24.3);
@8 setpoint("der_a",123.5) setpoint("der_b",22.4) setpoint("der_c",0.0) setpoint("der_d",108.9) setpoint("der_e",7.7) setpoint("der_f",38.1) setpoint("der_g",0.0) setpoint("der_h",48.6);
@9 setpoint("der_a",130.6) setpoint("der_b",0.0) setpoint("der_c",1.8) setpoint("der_d",125.5) setpoint("der_e",0.0) setpoint("der_f",10.6) setpoint("der_g",68.1) setpoint("der_h",73.3);
@10 setpoint("der_a",156.3) setpoint("der_b",23.6) setpoint("der_c",0.0) setpoint("der_d",119.0) setpoint("der_e",10.3) setpoint("der_f",0.0) setpoint("der_g",45.4) setpoint("der_h",99.7);
@11 setpoint("der_a",157.2) setpoint("der_b",5.3) setpoint("der_c",13.3) setpoint("der_d",181.0) setpoint("der_e",76.2) setpoint("der_f",27.6) setpoint("der_g",70.5) setpoint("der_h",122.3);
@12 setpoint("der_a",161.4) setpoint("der_b",0.0) setpoint("der_c",0.0) setpoint("der_d",109.3) setpoint("der_e",51.2) setpoint("der_f",1.6) setpoint("der_g",67.7) setpoint("der_h",125.5);
@13 setpoint("der_a",158.1) setpoint("der_b",0.0) setpoint("der_c",29.7) setpoint("der_d",32.6) setpoint("der_e",32.6) setpoint("der_f",27.7) setpoint("der_g",86.8) setpoint("der_h",125.2);
@14 setpoint("der_a",129.0) setpoint("der_b",22.8) setpoint("der_c",3.0) setpoint("der_d",25.5) setpoint("der_e",60.9) setpoint("der_f",39.3) setpoint("der_g",38.9) setpoint("der_h",111.0);
@15 setpoint("der_a",99.3) setpoint("der_b",0.0) setpoint("der_c",0.0) setpoint("der_d",97.0) setpoint("der_e",0.0) setpoint("der_f",62.0) setpoint("der_g",28.5) setpoint("der_h",90.0) consent("der_e");
@16 setpoint("der_a",118.9) setpoint("der_b",23.6) setpoint("der_c",11.6) setpoint("der_d",68.9) setpoint("der_e",0.0) setpoint("der_f",82.1) setpoint("der_g",36.2) setpoint("der_h",100.8);
@17 setpoint("der_a",103.0) setpoint("der_b",7.4) setpoint("der_c",9.2) setpoint("der_d",43.5) setpoint("der_e",0.0) setpoint("der_f",38.2) setpoint("der_g",21.4) setpoint("der_h",89.1);
@18 setpoint("der_a",126.6) setpoint("der_b",36.1) setpoint("der_c",0.0) setpoint("der_d",62.7) setpoint("der_e",0.0) setpoint("der_f",20.8) setpoint("der_g",4.0) setpoint("der_h",67.6);
@19 setpoint("der_a",153.6) setpoint("der_b",30.4) setpoint("der_c",0.0) setpoint("der_d",40.0) setpoint("der_e",0.0) setpoint("der_f",14.7) setpoint("der_g",0.0) setpoint("der_h",120.3);
@20 setpoint("der_a",139.5) setpoint("der_b",11.8) setpoint("der_c",27.4) setpoint("der_d",58.7) setpoint("der_e",24.8) setpoint("der_f",17.7) setpoint("der_g",0.0) setpoint("der_h",117.4) consent("der_e");
@21 setpoint("der_a",127.6) setpoint("der_b",5.5) setpoint("der_c",7.1) setpoint("der_d",83.1) setpoint("der_e",8.0) setpoint("der_f",47.5) setpoint("der_g",0.0) setpoint("der_h",92.8);
@22 setpoint("der_a",127.5) setpoint("der_b",0.0) setpoint("der_c",8.9) setpoint("der_d",104.0) setpoint("der_e",0.0) setpoint("der_f",43.4) setpoint("der_g",18.9) setpoint("der_h",70.4);
@23 setpoint("der_a",106.8) setpoint("der_b",10.9) setpoint("der_c",22.2) setpoint("der_d",119.9) setpoint("der_e",3.1) setpoint("der_f",0.0) setpoint("der_g",27.6) setpoint("der_h",48.1) consent("der_c");
@24 setpoint("der_a",93.5) setpoint("der_b",31.3) setpoint("der_c",23.8) setpoint("der_d",91.7) setpoint("der_e",12.1) setpoint("der_f",0.0) setpoint("der_g",22.8) setpoint("der_h",58.1) consent("der_h");
@25 setpoint("der_a",82.2) setpoint("der_b",15.1) setpoint("der_c",39.4) setpoint("der_d",118.8) setpoint("der_e",0.0) setpoint("der_f",0.0) setpoint("der_g",49.7) setpoint("der_h",51.7);
@26 setpoint("der_a",63.6) setpoint("der_b",16.6) setpoint("der_c",28.1) setpoint("der_d",139.1) setpoint("der_e",0.0) setpoint("der_f",0.0) setpoint("der_g",137.5) setpoint("der_h",79.6);
@27 setpoint("der_a",62.1) setpoint("der_b",1.5) setpoint("der_c",22.4) setpoint("der_d",136.9) setpoint("der_e",0.0) setpoint("der_f",0.0) setpoint("der_g",129.3) setpoint("der_h",106.8);
@28 setpoint("der_a",89.3) setpoint("der_b",0.0) setpoint("der_c",22.0) setpoint("der_d",117.9) setpoint("der_e",14.3) setpoint("der_f",16.4) setpoint("der_g",119.0) setpoint("der_h",98.5) consent("der_g");
@29 setpoint("der_a",38.9) setpoint("der_b",29.3) setpoint("der_c",2.4) setpoint("der_d",115.6) setpoint("der_e",0.0) setpoint("der_f",32.8) setpoint("der_g",135.8) setpoint("der_h",85.3);
@30 setpoint("der_a",39.3) setpoint("der_b",47.8) setpoint("der_c",31.9) setpoint("der_d",114.1) setpoint("der_e",20.4) setpoint("der_f",5.2) setpoint("der_g",113.0) setpoint("der_h",113.7);
@31 setpoint("der_a",31.4) setpoint("der_b",30.0) setpoint("der_c",37.9) setpoint("der_d",96.3) setpoint("der_e",80.8) setpoint("der_f",12.5) setpoint("der_g",33.2) setpoint("der_h",87.5);
@32 setpoint("der_a",92.1) setpoint("der_b",102.2) setpoint("der_c",32.2) setpoint("der_d",92.3) setpoint("der_e",57.6) setpoint("der_f",75.5) setpoint("der_g",4.1) setpoint("der_h",95.9);
@33 setpoint("der_a",120.1) setpoint("der_b",79.8) setpoint("der_c",60.7) setpoint("der_d",65.5) setpoint("der_e",50.9) setpoint("der_f",82.7) setpoint("der_g",0.0) setpoint("der_h",79.2);
@34 setpoint("der_a",143.1) setpoint("der_b",90.1) setpoint("der_c",50.2) setpoint("der_d",62.8) setpoint("der_e",67.6) setpoint("der_f",71.2) setpoint("der_g",0.0) setpoint("der_h",79.4);
@35 setpoint("der_a",138.9) setpoint("der_b",155.3) setpoint("der_c",22.6) setpoint("der_d",88.1) setpoint("der_e",80.8) setpoint("der_f",143.8) setpoint("der_g",0.0) setpoint("der_h",29.7);
@36 setpoint("der_a",163.2) setpoint("der_b",140.5) setpoint("der_c",21.4) setpoint("der_d",95.1) setpoint("der_e",73.1) setpoint("der_f",138.0) setpoint("der_g",0.0) setpoint("der_h",22.3);
@37 setpoint("der_a",156.9) setpoint("der_b",126.4) setpoint("der_c",26.0) setpoint("der_d",111.0) setpoint("der_e",53.7) setpoint("der_f",110.9) setpoint("der_g",0.0) setpoint("der_h",51.3);
@38 setpoint("der_a",145.1) setpoint("der_b",128.4) setpoint("der_c",14.1) setpoint("der_d",103.0) setpoint("der_e",33.2) setpoint("der_f",35.5) setpoint("der_g",0.0) setpoint("der_h",61.2) consent("der_h") consent("der_f");
@39 setpoint("der_a",117.7) setpoint("der_b",122.8) setpoint("der_c",0.0) setpoint("der_d",73.7) setpoint("der_e",59.7) setpoint("der_f",17.5) setpoint("der_g",0.4) setpoint("der_h",80.0) consent("der_a");
@40 setpoint("der_a",166.5) setpoint("der_b",108.5) setpoint("der_c",0.0) setpoint("der_d",99.2) setpoint("der_e",45.5) setpoint("der_f",91.8) setpoint("der_g",28.7) setpoint("der_h",105.7);
@41 setpoint("der_a",159.3) setpoint("der_b",133.8) setpoint("der_c",20.5) setpoint("der_d",97.5) setpoint("der_e",15.9) setpoint("der_f",23.3) setpoint("der_g",11.4) setpoint("der_h",80.4);
@42 setpoint("der_a",133.2) setpoint("der_b",125.6) setpoint("der_c",39.7) setpoint("der_d",71.5) setpoint("der_e",40.8) setpoint("der_f",0.0) setpoint("der_g",0.0) setpoint("der_h",0.0) consent("der_e");
@43 setpoint("der_a",149.4) setpoint("der_b",124.2) setpoint("der_c",54.4) setpoint("der_d",43.4) setpoint("der_e",16.7) setpoint("der_f",0.0) setpoint("der_g",12.9) setpoint("der_h",4.5);
@44 setpoint("der_a",169.3) setpoint("der_b",150.8) setpoint("der_c",37.3) setpoint("der_d",43.3) setpoint("der_e",24.9) setpoint("der_f",0.0) setpoint("der_g",7.0) setpoint("der_h",27.9) consent("der_d");
@45 setpoint("der_a",174.9) setpoint("der_b",157.1) setpoint("der_c",103.4) setpoint("der_d",40.3) setpoint("der_e",14.3) setpoint("der_f",11.3) setpoint("der_g",0.0) setpoint("der_h",36.5);
@46 setpoint("der_a",200.0) setpoint("der_b",184.4) setpoint("der_c",83.3) setpoint("der_d",22.0) setpoint("der_e",0.0) setpoint("der_f",0.0) setpoint("der_g",0.0) setpoint("der_h",23.3);
@47 setpoint("der_a",200.0) setpoint("der_b",193.2) setpoint("der_c",93.4) setpoint("der_d",44.7) setpoint("der_e",5.0) setpoint("der_f",0.0) setpoint("der_g",0.0) setpoint("der_h",35.3) consent("der_h") consent("der_f");
@48 setpoint("der_a",189.7) setpoint("der_b",200.0) setpoint("der_c",78.5) setpoint("der_d",57.7) setpoint("der_e",0.0) setpoint("der_f",20.8) setpoint("der_g",0.0) setpoint("der_h",6.3);
@49 setpoint("der_a",200.0) setpoint("der_b",139.1) setpoint("der_c",90.4) setpoint("der_d",43.6) setpoint("der_e",14.5) setpoint("der_f",22.4) setpoint("der_g",18.1) setpoint("der_h",0.0);
@50 setpoint("der_a",194.8) setpoint("der_b",154.7) setpoint("der_c",107.2) setpoint("der_d",60.6) setpoint("der_e",26.8) setpoint("der_f",51.4) setpoint("der_g",17.0) setpoint("der_h",17.9);
@51 setpoint("der_a",200.0) setpoint("der_b",174.6) setpoint("der_c",78.1) setpoint("der_d",0.0) setpoint("der_e",2.9) setpoint("der_f",35.4) setpoint("der_g",7.8) setpoint("der_h",42.1);
@52 setpoint("der_a",200.0) setpoint("der_b",197.6) setpoint("der_c",64.0) setpoint("der_d",0.0) setpoint("der_e",0.0) setpoint("der_f",14.1) setpoint("der_g",7.7) setpoint("der_h",63.9);
@53 setpoint("der_a",200.0) setpoint("der_b",123.5) setpoint("der_c",53.8) setpoint("der_d",0.6) setpoint("der_e",23.9) setpoint("der_f",85.4) setpoint("der_g",29.4) setpoint("der_h",62.4);
@54 setpoint("der_a",190.7) setpoint("der_b",123.0) setpoint("der_c",35.3) setpoint("der_d",0.0) setpoint("der_e",0.0) setpoint("der_f",79.3) setpoint("der_g",23.8) setpoint("der_h",56.3) consent("der_d");
@55 setpoint("der_a",196.5) setpoint("der_b",105.8) setpoint("der_c",32.8) setpoint("der_d",0.0) setpoint("der_e",0.0) setpoint("der_f",104.1) setpoint("der_g",15.9) setpoint("der_h",73.5);
@56 setpoint("der_a",191.8) setpoint("der_b",100.1) setpoint("der_c",102.5) setpoint("der_d",9.6) setpoint("der_e",16.2) setpoint("der_f",79.1) setpoint("der_g",39.6) setpoint("der_h",69.1) consent("der_b");
@57 setpoint("der_a",115.3) setpoint("der_b",163.1) setpoint("der_c",87.7) setpoint("der_d",22.6) setpoint("der_e",0.0) setpoint("der_f",86.2) setpoint("der_g",28.3) setpoint("der_h",96.6) consent("der_e");
@58 setpoint("der_a",113.9) setpoint("der_b",160.3) setpoint("der_c",103.0) setpoint("der_d",9.4) setpoint("der_e",9.1) setpoint("der_f",92.2) setpoint("der_g",41.8) setpoint("der_h",26.5);
@59 setpoint("der_a",93.3) setpoint("der_b",176.1) setpoint("der_c",90.3) setpoint("der_d",32.8) setpoint("der_e",0.0) setpoint("der_f",110.0) setpoint("der_g",58.4) setpoint("der_h",28.6);
@60 setpoint("der_a",108.4) setpoint("der_b",173.7) setpoint("der_c",168.9) setpoint("der_d",37.6) setpoint("der_e",23.1) setpoint("der_f",108.6) setpoint("der_g",39.7) setpoint("der_h",9.4);
@61 setpoint("der_a",114.2) setpoint("der_b",174.9) setpoint("der_c",118.7) setpoint("der_d",41.5) setpoint("der_e",5.9) setpoint("der_f",95.4) setpoint("der_g",118.1) setpoint("der_h",37.2);
@62 setpoint("der_a",122.6) setpoint("der_b",187.3) setpoint("der_c",186.9) setpoint("der_d",68.9) setpoint("der_e",0.0) setpoint("der_f",75.0) setpoint("der_g",147.6) setpoint("der_h",9.5) consent("der_c");
@63 setpoint("der_a",92.9) setpoint("der_b",200.0) setpoint("der_c",183.4) setpoint("der_d",67.1) setpoint("der_e",0.0) setpoint("der_f",67.8) setpoint("der_g",166.1) setpoint("der_h",33.0);
@64 setpoint("der_a",113.4) setpoint("der_b",197.1) setpoint("der_c",200.0) setpoint("der_d",74.8) setpoint("der_e",0.0) setpoint("der_f",135.5) setpoint("der_g",188.3) setpoint("der_h",27.7);
@65 setpoint("der_a",130.7) setpoint("der_b",200.0) setpoint("der_c",177.2) setpoint("der_d",103.0) setpoint("der_e",0.0) setpoint("der_f",119.8) setpoint("der_g",183.2) setpoint("der_h",47.6);
@66 setpoint("der_a",181.6) setpoint("der_b",178.3) setpoint("der_c",193.4) setpoint("der_d",84.8) setpoint("der_e",0.0) setpoint("der_f",135.5) setpoint("der_g",161.4) setpoint("der_h",55.3);
@67 setpoint("der_a",152.5) setpoint("der_b",176.9) setpoint("der_c",179.4) setpoint("der_d",104.7) setpoint("der_e",0.0) setpoint("der_f",141.2) setpoint("der_g",200.0) setpoint("der_h",131.0);
@68 setpoint("der_a",127.8) setpoint("der_b",157.0) setpoint("der_c",182.7) setpoint("der_d",75.9) setpoint("der_e",14.3) setpoint("der_f",161.4) setpoint("der_g",197.8) setpoint("der_h",127.7);
@69 setpoint("der_a",106.6) setpoint("der_b",171.8) setpoint("der_c",200.0) setpoint("der_d",69.2) setpoint("der_e",34.7) setpoint("der_f",155.1) setpoint("der_g",200.0) setpoint("der_h",112.1) consent("der_a");
@70 setpoint("der_a",128.8) setpoint("der_b",142.5) setpoint("der_c",181.2) setpoint("der_d",51.2) setpoint("der_e",18.2) setpoint("der_f",148.9) setpoint("der_g",197.2) setpoint("der_h",70.4);
@71 setpoint("der_a",173.0) setpoint("der_b",168.4) setpoint("der_c",181.9) setpoint("der_d",76.1) setpoint("der_e",4.6) setpoint("der_f",163.3) setpoint("der_g",194.4) setpoint("der_h",53.7) consent("der_c") consent("der_e") consent("der_f");
@72 setpoint("der_a",178.1) setpoint("der_b",200.0) setpoint("der_c",171.3) setpoint("der_d",62.3) setpoint("der_e",0.0) setpoint("der_f",115.4) setpoint("der_g",200.0) setpoint("der_h",135.4);
@73 setpoint("der_a",197.4) setpoint("der_b",200.0) setpoint("der_c",186.9) setpoint("der_d",79.4) setpoint("der_e",24.9) setpoint("der_f",137.6) setpoint("der_g",135.1) setpoint("der_h",139.7);
@74 setpoint("der_a",200.0) setpoint("der_b",200.0) setpoint("der_c",189.1) setpoint("der_d",75.5) setpoint("der_e",8.8) setpoint("der_f",127.4) setpoint("der_g",141.6) setpoint("der_h",129.2);
@75 setpoint("der_a",195.8) setpoint("der_b",172.4) setpoint("der_c",186.3) setpoint("der_d",9.2) setpoint("der_e",73.8) setpoint("der_f",153.1) setpoint("der_g",122.9) setpoint("der_h",123.3) consent("der_a");
@76 setpoint("der_a",200.0) setpoint("der_b",200.0) setpoint("der_c",187.7) setpoint("der_d",0.0) setpoint("der_e",68.5) setpoint("der_f",95.4) setpoint("der_g",131.1) setpoint("der_h",163.8);
@77 setpoint("der_a",200.0) setpoint("der_b",200.0) setpoint("der_c",165.0) setpoint("der_d",15.6) setpoint("der_e",44.5) setpoint("der_f",96.7) setpoint("der_g",137.9) setpoint("der_h",137.5) consent("der_a");
@78 setpoint("der_a",171.2) setpoint("der_b",193.8) setpoint("der_c",137.6) setpoint("der_d",0.0) setpoint("der_e",0.0) setpoint("der_f",115.7) setpoint("der_g",144.1) setpoint("der_h",137.2) consent("der_d");
@79 setpoint("der_a",152.4) setpoint("der_b",181.2) setpoint("der_c",114.5) setpoint("der_d",0.0) setpoint("der_e",0.0) setpoint("der_f",135.2) setpoint("der_g",128.8) setpoint("der_h",124.2);
@80 setpoint("der_a",136.8) setpoint("der_b",164.2) setpoint("der_c",122.3) setpoint("der_d",0.0) setpoint("der_e",0.0) setpoint("der_f",145.7) setpoint("der_g",158.7) setpoint("der_h",120.6);
@81 setpoint("der_a",108.5) setpoint("der_b",142.9) setpoint("der_c",47.6) setpoint("der_d",0.0) setpoint("der_e",23.5) setpoint("der_f",200.0) setpoint("der_g",140.3) setpoint("der_h",95.9);
@82 setpoint("der_a",80.3) setpoint("der_b",152.7) setpoint("der_c",42.4) setpoint("der_d",12.0) setpoint("der_e",44.3) setpoint("der_f",200.0) setpoint("der_g",117.2) setpoint("der_h",109.9);
@83 setpoint("der_a",64.0) setpoint("der_b",153.9) setpoint("der_c",52.6) setpoint("der_d",38.1) setpoint("der_e",60.1) setpoint("der_f",200.0) setpoint("der_g",122.3) setpoint("der_h",138.3);
@84 setpoint("der_a",65.6) setpoint("der_b",180.9) setpoint("der_c",43.0) setpoint("der_d",49.4) setpoint("der_e",67.7) setpoint("der_f",200.0) setpoint("der_g",132.7) setpoint("der_h",155.0);
@85 setpoint("der_a",123.0) setpoint("der_b",200.0) setpoint("der_c",42.2) setpoint("der_d",61.7) setpoint("der_e",114.4) setpoint("der_f",200.0) setpoint("der_g",145.2) setpoint("der_h",139.4) consent("der_a");
@86 setpoint("der_a",114.6) setpoint("der_b",173.6) setpoint("der_c",24.0) setpoint("der_d",58.6) setpoint("der_e",103.9) setpoint("der_f",191.8) setpoint("der_g",119.5) setpoint("der_h",183.6);
@87 setpoint("der_a",140.7) setpoint("der_b",158.7) setpoint("der_c",2.3) setpoint("der_d",140.6) setpoint("der_e",85.0) setpoint("der_f",200.0) setpoint("der_g",99.6) setpoint("der_h",200.0);
@88 setpoint("der_a",166.0) setpoint("der_b",152.9) setpoint("der_c",0.0) setpoint("der_d",120.0) setpoint("der_e",89.9) setpoint("der_f",151.8) setpoint("der_g",127.8) setpoint("der_h",117.5) consent("der_h");
@89 setpoint("der_a",156.3) setpoint("der_b",162.9) setpoint("der_c",24.2) setpoint("der_d",107.7) setpoint("der_e",93.7) setpoint("der_f",133.5) setpoint("der_g",193.6) setpoint("der_h",119.6);
@90 setpoint("der_a",155.1) setpoint("der_b",150.9) setpoint("der_c",47.3) setpoint("der_d",56.6) setpoint("der_e",105.2) setpoint("der_f",138.2) setpoint("der_g",200.0) setpoint("der_h",104.0);
@91 setpoint("der_a",140.2) setpoint("der_b",154.1) setpoint("der_c",51.7) setpoint("der_d",57.4) setpoint("der_e",80.0) setpoint("der_f",112.6) setpoint("der_g",200.0) setpoint("der_h",116.9);
@92 setpoint("der_a",200.0) setpoint("der_b",111.7) setpoint("der_c",0.0) setpoint("der_d",35.5) setpoint("der_e",55.3) setpoint("der_f",94.7) setpoint("der_g",200.0) setpoint("der_h",108.9);
@93 setpoint("der_a",191.3) setpoint("der_b",117.9) setpoint("der_c",0.0) setpoint("der_d",32.3) setpoint("der_e",60.2) setpoint("der_f",66.0) setpoint("der_g",200.0) setpoint("der_h",112.2) consent("der_b");
@94 setpoint("der_a",126.9) setpoint("der_b",89.8) setpoint("der_c",0.0) setpoint("der_d",41.0) setpoint("der_e",80.8) setpoint("der_f",77.6) setpoint("der_g",183.8) setpoint("der_h",113.2);
@95 setpoint("der_a",97.3) setpoint("der_b",79.8) setpoint("der_c",83.8) setpoint("der_d",48.9) setpoint("der_e",59.4) setpoint("der_f",51.4) setpoint("der_g",175.2) setpoint("der_h",118.3) consent("der_d");
@96 setpoint("der_a",119.7) setpoint("der_b",90.7) setpoint("der_c",99.6) setpoint("der_d",49.4) setpoint("der_e",50.4) setpoint("der_f",45.8) setpoint("der_g",200.0) setpoint("der_h",135.3) consent("der_a");
@97 setpoint("der_a",99.8) setpoint("der_b",166.7) setpoint("der_c",103.9) setpoint("der_d",77.3) setpoint("der_e",0.0) setpoint("der_f",0.0) setpoint("der_g",198.1) setpoint("der_h",146.7);
@98 setpoint("der_a",123.4) setpoint("der_b",166.8) setpoint("der_c",27.2) setpoint("der_d",83.4) setpoint("der_e",76.0) setpoint("der_f",66.8) setpoint("der_g",200.0) setpoint("der_h",129.4) consent("der_h");
@99 setpoint("der_a",152.7) setpoint("der_b",193.2) setpoint("der_c",0.0) setpoint("der_d",92.6) setpoint("der_e",70.9) setpoint("der_f",86.9) setpoint("der_g",171.1) setpoint("der_h",131.2) consent("der_a");
@100 setpoint("der_a",171.5) setpoint("der_b",165.1) setpoint("der_c",9.1) setpoint("der_d",105.0) setpoint("der_e",62.6) setpoint("der_f",73.3) setpoint("der_g",174.6) setpoint("der_h",178.7);
@101 setpoint("der_a",185.8) setpoint("der_b",187.4) setpoint("der_c",25.8) setpoint("der_d",96.0) setpoint("der_e",59.1) setpoint("der_f",56.1) setpoint("der_g",198.7) setpoint("der_h",161.4);
@102 setpoint("der_a",193.4) setpoint("der_b",172.5) setpoint("der_c",21.8) setpoint("der_d",78.2) setpoint("der_e",67.7) setpoint("der_f",85.8) setpoint("der_g",200.0) setpoint("der_h",183.2) consent("der_f");
@103 setpoint("der_a",166.5) setpoint("der_b",193.6) setpoint("der_c",0.0) setpoint("der_d",74.5) setpoint("der_e",46.1) setpoint("der_f",96.9) setpoint("der_g",179.1) setpoint("der_h",161.2);
@104 setpoint("der_a",195.3) setpoint("der_b",143.5) setpoint("der_c",0.0) setpoint("der_d",80.2) setpoint("der_e",58.0) setpoint("der_f",69.8) setpoint("der_g",153.0) setpoint("der_h",188.6);
@105 setpoint("der_a",112.6) setpoint("der_b",126.9) setpoint("der_c",0.0) setpoint("der_d",108.2) setpoint("der_e",30.9) setpoint("der_f",96.9) setpoint("der_g",142.5) setpoint("der_h",200.0) consent("der_a");
@106 setpoint("der_a",135.5) setpoint("der_b",150.8) setpoint("der_c",0.0) setpoint("der_d",137.5) setpoint("der_e",44.7) setpoint("der_f",116.4) setpoint("der_g",117.7) setpoint("der_h",172.0);
@107 setpoint("der_a",126.0) setpoint("der_b",143.6) setpoint("der_c",17.5) setpoint("der_d",128.8) setpoint("der_e",115.3) setpoint("der_f",105.7) setpoint("der_g",120.3) setpoint("der_h",178.8);
@108 setpoint("der_a",108.3) setpoint("der_b",135.5) setpoint("der_c",0.0) setpoint("der_d",109.5) setpoint("der_e",136.6) setpoint("der_f",130.3) setpoint("der_g",112.0) setpoint("der_h",174.5);
@109 setpoint("der_a",120.0) setpoint("der_b",134.2) setpoint("der_c",15.5) setpoint("der_d",120.3) setpoint("der_e",137.8) setpoint("der_f",122.5) setpoint("der_g",104.9) setpoint("der_h",134.5);
@110 setpoint("der_a",102.1) setpoint("der_b",151.7) setpoint("der_c",7.8) setpoint("der_d",179.1) setpoint("der_e",200.0) setpoint("der_f",128.9) setpoint("der_g",89.2) setpoint("der_h",112.3);
@111 setpoint("der_a",128.2) setpoint("der_b",169.2) setpoint("der_c",11.6) setpoint("der_d",191.2) setpoint("der_e",200.0) setpoint("der_f",102.8) setpoint("der_g",67.3) setpoint("der_h",82.9);
@112 setpoint("der_a",104.3) setpoint("der_b",101.0) setpoint("der_c",0.0) setpoint("der_d",164.5) setpoint("der_e",195.1) setpoint("der_f",132.7) setpoint("der_g",89.6) setpoint("der_h",73.0) consent("der_b");
@113 setpoint("der_a",115.2) setpoint("der_b",85.9) setpoint("der_c",0.0) setpoint("der_d",152.8) setpoint("der_e",177.6) setpoint("der_f",158.6) setpoint("der_g",102.2) setpoint("der_h",98.8);
@114 setpoint("der_a",102.7) setpoint("der_b",104.0) setpoint("der_c",0.0) setpoint("der_d",149.5) setpoint("der_e",151.1) setpoint("der_f",167.0) setpoint("der_g",21.5) setpoint("der_h",69.7) consent("der_c");
@115 setpoint("der_a",103.7) setpoint("der_b",86.1) setpoint("der_c",0.0) setpoint("der_d",135.0) setpoint("der_e",162.3) setpoint("der_f",140.4) setpoint("der_g",0.0) setpoint("der_h",57.3);
@116 setpoint("der_a",87.5) setpoint("der_b",75.8) setpoint("der_c",0.0) setpoint("der_d",146.7) setpoint("der_e",141.2) setpoint("der_f",130.4) setpoint("der_g",0.0) setpoint("der_h",66.7);
@117 setpoint("der_a",109.3) setpoint("der_b",78.2) setpoint("der_c",0.0) setpoint("der_d",162.6) setpoint("der_e",145.9) setpoint("der_f",135.2) setpoint("der_g",0.0) setpoint("der_h",45.8);
@118 setpoint("der_a",85.0) setpoint("der_b",95.5) setpoint("der_c",0.0) setpoint("der_d",101.9) setpoint("der_e",140.8) setpoint("der_f",109.8) setpoint("der_g",14.1) setpoint("der_h",55.6);
@119 setpoint("der_a",62.1) setpoint("der_b",75.3) setpoint("der_c",0.4) setpoint("der_d",83.8) setpoint("der_e",123.0) setpoint("der_f",94.2) setpoint("der_g",14.2) setpoint("der_h",26.5);
@120 setpoint("der_a",49.6) setpoint("der_b",50.4) setpoint("der_c",0.0) setpoint("der_d",100.8) setpoint("der_e",96.7) setpoint("der_f",100.2) setpoint("der_g",0.0) setpoint("der_h",38.0) consent("der_h");
@121 setpoint("der_a",60.3) setpoint("der_b",41.1) setpoint("der_c",0.0) setpoint("der_d",90.7) setpoint("der_e",126.5) setpoint("der_f",99.0) setpoint("der_g",16.8) setpoint("der_h",53.1);
@122 setpoint("der_a",75.0) setpoint("der_b",60.8) setpoint("der_c",24.3) setpoint("der_d",110.6) setpoint("der_e",131.9) setpoint("der_f",118.5) setpoint("der_g",39.0) setpoint("der_h",80.8);
@123 setpoint("der_a",97.7) setpoint("der_b",86.8) setpoint("der_c",0.0) setpoint("der_d",104.3) setpoint("der_e",148.3) setpoint("der_f",111.2) setpoint("der_g",22.7) setpoint("der_h",98.3);
@124 setpoint("der_a",118.4) setpoint("der_b",74.3) setpoint("der_c",49.4) setpoint("der_d",98.7) setpoint("der_e",132.8) setpoint("der_f",118.8) setpoint("der_g",46.5) setpoint("der_h",88.3) consent("der_a") consent("der_b");
@125 setpoint("der_a",99.8) setpoint("der_b",54.0) setpoint("der_c",19.4) setpoint("der_d",125.4) setpoint("der_e",151.4) setpoint("der_f",109.9) setpoint("der_g",49.7) setpoint("der_h",89.1);
@126 setpoint("der_a",111.0) setpoint("der_b",72.5) setpoint("der_c",84.1) setpoint("der_d",96.5) setpoint("der_e",174.7) setpoint("der_f",102.5) setpoint("der_g",50.4) setpoint("der_h",95.5);
@127 setpoint("der_a",119.5) setpoint("der_b",88.2) setpoint("der_c",86.8) setpoint("der_d",125.2) setpoint("der_e",193.0) setpoint("der_f",95.3) setpoint("der_g",63.0) setpoint("der_h",82.1) consent("der_h");
@128 setpoint("der_a",144.0) setpoint("der_b",116.5) setpoint("der_c",78.4) setpoint("der_d",111.5) setpoint("der_e",191.5) setpoint("der_f",121.0) setpoint("der_g",73.9) setpoint("der_h",71.3) consent("der_b");
@129 setpoint("der_a",142.2) setpoint("der_b",126.7) setpoint("der_c",64.9) setpoint("der_d",136.5) setpoint("der_e",178.8) setpoint("der_f",106.6) setpoint("der_g",46.4) setpoint("der_h",75.3);
@130 setpoint("der_a",168.0) setpoint("der_b",107.3) setpoint("der_c",79.4) setpoint("der_d",130.7) setpoint("der_e",196.2) setpoint("der_f",100.6) setpoint("der_g",36.6) setpoint("der_h",88.0);
@131 setpoint("der_a",178.1) setpoint("der_b",101.5) setpoint("der_c",65.8) setpoint("der_d",148.0) setpoint("der_e",175.3) setpoint("der_f",115.8) setpoint("der_g",60.5) setpoint("der_h",102.6);
@132 setpoint("der_a",160.9) setpoint("der_b",77.1) setpoint("der_c",94.3) setpoint("der_d",139.6) setpoint("der_e",149.6) setpoint("der_f",105.3) setpoint("der_g",0.0) setpoint("der_h",131.2);
@133 setpoint("der_a",180.1) setpoint("der_b",105.5) setpoint("der_c",107.1) setpoint("der_d",120.0) setpoint("der_e",135.7) setpoint("der_f",132.6) setpoint("der_g",0.0) setpoint("der_h",124.6) consent("der_a");
@134 setpoint("der_a",177.3) setpoint("der_b",118.0) setpoint("der_c",97.6) setpoint("der_d",114.2) setpoint("der_e",117.4) setpoint("der_f",133.6) setpoint("der_g",0.0) setpoint("der_h",106.4);
@135 setpoint("der_a",185.8) setpoint("der_b",120.3) setpoint("der_c",105.3) setpoint("der_d",103.1) setpoint("der_e",93.7) setpoint("der_f",145.1) setpoint("der_g",0.0) setpoint("der_h",122.8) consent("der_g") consent("der_e");
@136 setpoint("der_a",162.3) setpoint("der_b",120.8) setpoint("der_c",90.4) setpoint("der_d",27.6) setpoint("der_e",122.5) setpoint("der_f",159.0) setpoint("der_g",18.7) setpoint("der_h",100.8);
@137 setpoint("der_a",183.8) setpoint("der_b",124.4) setpoint("der_c",106.5) setpoint("der_d",0.0) setpoint("der_e",113.8) setpoint("der_f",134.9) setpoint("der_g",45.4) setpoint("der_h",105.1);
@138 setpoint("der_a",200.0) setpoint("der_b",101.5) setpoint("der_c",99.4) setpoint("der_d",18.0) setpoint("der_e",84.1) setpoint("der_f",149.6) setpoint("der_g",59.7) setpoint("der_h",89.7);
@139 setpoint("der_a",179.2) setpoint("der_b",23.5) setpoint("der_c",75.2) setpoint("der_d",19.7) setpoint("der_e",73.5) setpoint("der_f",177.0) setpoint("der_g",82.4) setpoint("der_h",21.9) consent("der_a");
@140 setpoint("der_a",200.0) setpoint("der_b",37.6) setpoint("der_c",104.2) setpoint("der_d",0.0) setpoint("der_e",84.2) setpoint("der_f",94.5) setpoint("der_g",58.5) setpoint("der_h",10.1) consent("der_h") consent("der_e");
@141 setpoint("der_a",194.4) setpoint("der_b",46.5) setpoint("der_c",118.2) setpoint("der_d",24.8) setpoint("der_e",97.2) setpoint("der_f",12.0) setpoint("der_g",81.2) setpoint("der_h",36.7) consent("der_d");
@142 setpoint("der_a",200.0) setpoint("der_b",61.5) setpoint("der_c",136.4) setpoint("der_d",0.0) setpoint("der_e",88.6) setpoint("der_f",0.0) setpoint("der_g",65.5) setpoint("der_h",11.5) consent("der_d");
@143 setpoint("der_a",200.0) setpoint("der_b",56.0) setpoint("der_c",147.8) setpoint("der_d",0.0) setpoint("der_e",75.8) setpoint("der_f",0.0) setpoint("der_g",78.4) setpoint("der_h",0.0);
@144 setpoint("der_a",200.0) setpoint("der_b",70.4) setpoint("der_c",122.0) setpoint("der_d",55.2) setpoint("der_e",9.0) setpoint("der_f",0.0) setpoint("der_g",78.0) setpoint("der_h",11.3);
@145 setpoint("der_a",197.6) setpoint("der_b",52.8) setpoint("der_c",139.1) setpoint("der_d",37.7) setpoint("der_e",0.0) setpoint("der_f",20.7) setpoint("der_g",30.1) setpoint("der_h",16.5);
@146 setpoint("der_a",110.8) setpoint("der_b",55.3) setpoint("der_c",131.3) setpoint("der_d",29.9) setpoint("der_e",9.8) setpoint("der_f",45.3) setpoint("der_g",45.7) setpoint("der_h",0.0);
@147 setpoint("der_a",109.2) setpoint("der_b",31.9) setpoint("der_c",130.8) setpoint("der_d",29.0) setpoint("der_e",34.4) setpoint("der_f",18.9) setpoint("der_g",31.7) setpoint("der_h",0.0) consent("der_f");
@148 setpoint("der_a",110.7) setpoint("der_b",12.1) setpoint("der_c",113.5) setpoint("der_d",92.4) setpoint("der_e",51.5) setpoint("der_f",37.3) setpoint("der_g",7.6) setpoint("der_h",17.3);
@149 setpoint("der_a",110.6) setpoint("der_b",21.2) setpoint("der_c",131.7) setpoint("der_d",106.8) setpoint("der_e",43.6) setpoint("der_f",18.2) setpoint("der_g",13.5) setpoint("der_h",0.0) consent("der_d") consent("der_f");
@150 setpoint("der_a",109.7) setpoint("der_b",86.8) setpoint("der_c",131.2) setpoint("der_d",114.1) setpoint("der_e",63.6) setpoint("der_f",48.2) setpoint("der_g",0.0) setpoint("der_h",0.0) consent("der_h");
@151 setpoint("der_a",108.2) setpoint("der_b",80.0) setpoint("der_c",134.9) setpoint("der_d",109.1) setpoint("der_e",93.5) setpoint("der_f",37.5) setpoint("der_g",0.0) setpoint("der_h",0.0);
@152 setpoint("der_a",127.4) setpoint("der_b",104.2) setpoint("der_c",51.4) setpoint("der_d",110.9) setpoint("der_e",111.9) setpoint("der_f",38.3) setpoint("der_g",0.0) setpoint("der_h",5.2);
@153 setpoint("der_a",119.4) setpoint("der_b",114.8) setpoint("der_c",0.0) setpoint("der_d",121.2) setpoint("der_e",82.5) setpoint("der_f",49.0) setpoint("der_g",8.9) setpoint("der_h",32.7);
@154 setpoint("der_a",119.1) setpoint("der_b",144.7) setpoint("der_c",22.7) setpoint("der_d",121.8) setpoint("der_e",89.5) setpoint("der_f",47.2) setpoint("der_g",0.0) setpoint("der_h",23.4);
@155 setpoint("der_a",101.3) setpoint("der_b",150.2) setpoint("der_c",14.9) setpoint("der_d",130.7) setpoint("der_e",63.4) setpoint("der_f",57.2) setpoint("der_g",0.0) setpoint("der_h",29.1);
@156 setpoint("der_a",57.2) setpoint("der_b",102.8) setpoint("der_c",16.2) setpoint("der_d",125.7) setpoint("der_e",48.9) setpoint("der_f",4.0) setpoint("der_g",0.0) setpoint("der_h",75.7) consent("der_c") consent("der_e");
@157 setpoint("der_a",75.0) setpoint("der_b",78.5) setpoint("der_c",0.0) setpoint("der_d",143.9) setpoint("der_e",32.8) setpoint("der_f",72.3) setpoint("der_g",0.0) setpoint("der_h",52.2) consent("der_e");
@158 setpoint("der_a",81.9) setpoint("der_b",60.8) setpoint("der_c",9.8) setpoint("der_d",123.3) setpoint("der_e",49.1) setpoint("der_f",85.3) setpoint("der_g",17.7) setpoint("der_h",41.1) consent("der_e");
@159 setpoint("der_a",82.3) setpoint("der_b",52.6) setpoint("der_c",11.6) setpoint("der_d",99.7) setpoint("der_e",111.0) setpoint("der_f",22.8) setpoint("der_g",44.0) setpoint("der_h",53.4) consent("der_c");
@160 setpoint("der_a",60.0) setpoint("der_b",59.8) setpoint("der_c",0.0) setpoint("der_d",115.9) setpoint("der_e",86.1) setpoint("der_f",0.0) setpoint("der_g",17.1) setpoint("der_h",69.5);
@161 setpoint("der_a",51.7) setpoint("der_b",57.3) setpoint("der_c",0.0) setpoint("der_d",142.3) setpoint("der_e",79.3) setpoint("der_f",0.0) setpoint("der_g",32.6) setpoint("der_h",51.6);
@162 setpoint("der_a",58.6) setpoint("der_b",71.1) setpoint("der_c",11.0) setpoint("der_d",115.7) setpoint("der_e",10.6) setpoint("der_f",70.3) setpoint("der_g",59.7) setpoint("der_h",72.5) consent("der_f");
@163 setpoint("der_a",83.3) setpoint("der_b",79.8) setpoint("der_c",0.0) setpoint("der_d",100.9) setpoint("der_e",3.4) setpoint("der_f",48.3) setpoint("der_g",49.9) setpoint("der_h",63.2) consent("der_f");
@164 setpoint("der_a",73.7) setpoint("der_b",96.7) setpoint("der_c",0.0) setpoint("der_d",85.9) setpoint("der_e",0.0) setpoint("der_f",0.0) setpoint("der_g",0.0) setpoint("der_h",135.2);
@165 setpoint("der_a",78.1) setpoint("der_b",101.9) setpoint("der_c",1.1) setpoint("der_d",80.9) setpoint("der_e",9.9) setpoint("der_f",0.0) setpoint("der_g",27.5) setpoint("der_h",112.7);
@166 setpoint("der_a",84.3) setpoint("der_b",186.1) setpoint("der_c",0.0) setpoint("der_d",93.5) setpoint("der_e",0.0) setpoint("der_f",0.0) setpoint("der_g",8.7) setpoint("der_h",112.7) consent("der_b");
@167 setpoint("der_a",33.9) setpoint("der_b",120.6) setpoint("der_c",3.6) setpoint("der_d",101.4) setpoint("der_e",0.0) setpoint("der_f",0.0) setpoint("der_g",3.9) setpoint("der_h",110.8) consent("der_e");
@168 setpoint("der_a",56.2) setpoint("der_b",133.9) setpoint("der_c",1.3) setpoint("der_d",84.4) setpoint("der_e",0.0) setpoint("der_f",0.0) setpoint("der_g",0.0) setpoint("der_h",114.4);
@169 setpoint("der_a",63.3) setpoint("der_b",113.6) setpoint("der_c",0.0) setpoint("der_d",73.3) setpoint("der_e",0.0) setpoint("der_f",0.0) setpoint("der_g",0.0) setpoint("der_h",112.7);
@170 setpoint("der_a",75.6) setpoint("der_b",122.3) setpoint("der_c",20.1) setpoint("der_d",45.8) setpoint("der_e",0.0) setpoint("der_f",12.7) setpoint("der_g",27.1) setpoint("der_h",92.1);
@171 setpoint("der_a",69.8) setpoint("der_b",99.2) setpoint("der_c",38.1) setpoint("der_d",126.1) setpoint("der_e",0.0) setpoint("der_f",0.0) setpoint("der_g",44.6) setpoint("der_h",118.4);
@172 setpoint("der_a",56.3) setpoint("der_b",118.5) setpoint("der_c",49.5) setpoint("der_d",75.6) setpoint("der_e",0.0) setpoint("der_f",0.0) setpoint("der_g",21.9) setpoint("der_h",142.8);
@173 setpoint("der_a",31.9) setpoint("der_b",133.7) setpoint("der_c",78.1) setpoint("der_d",27.6) setpoint("der_e",75.4) setpoint("der_f",0.0) setpoint("der_g",2.8) setpoint("der_h",153.1);
@174 setpoint("der_a",12.7) setpoint("der_b",124.8) setpoint("der_c",51.6) setpoint("der_d",38.4) setpoint("der_e",142.8) setpoint("der_f",0.0) setpoint("der_g",0.0) setpoint("der_h",162.7);
@175 setpoint("der_a",13.6) setpoint("der_b",185.5) setpoint("der_c",55.8) setpoint("der_d",32.9) setpoint("der_e",170.1) setpoint("der_f",6.9) setpoint("der_g",0.0) setpoint("der_h",186.9);
@176 setpoint("der_a",39.0) setpoint("der_b",138.0) setpoint("der_c",60.2) setpoint("der_d",38.1) setpoint("der_e",196.1) setpoint("der_f",0.0) setpoint("der_g",0.0) setpoint("der_h",183.4);
@177 setpoint("der_a",39.0) setpoint("der_b",154.1) setpoint("der_c",69.0) setpoint("der_d",46.7) setpoint("der_e",200.0) setpoint("der_f",27.5) setpoint("der_g",0.0) setpoint("der_h",189.5);
@178 setpoint("der_a",62.0) setpoint("der_b",160.1) setpoint("der_c",43.8) setpoint("der_d",67.1) setpoint("der_e",200.0) setpoint("der_f",43.0) setpoint("der_g",20.3) setpoint("der_h",169.4) consent("der_h");
@179 setpoint("der_a",64.0) setpoint("der_b",156.7) setpoint("der_c",124.1) setpoint("der_d",81.8) setpoint("der_e",197.8) setpoint("der_f",70.7) setpoint("der_g",0.0) setpoint("der_h",172.6);
@180 setpoint("der_a",54.6) setpoint("der_b",200.0) setpoint("der_c",102.5) setpoint("der_d",109.8) setpoint("der_e",200.0) setpoint("der_f",42.4) setpoint("der_g",0.0) setpoint("der_h",180.4);
@181 setpoint("der_a",67.2) setpoint("der_b",195.2) setpoint("der_c",76.8) setpoint("der_d",119.6) setpoint("der_e",184.2) setpoint("der_f",29.6) setpoint("der_g",0.0) setpoint("der_h",190.5);
@182 setpoint("der_a",0.0) setpoint("der_b",178.6) setpoint("der_c",54.1) setpoint("der_d",134.0) setpoint("der_e",194.7) setpoint("der_f",59.2) setpoint("der_g",45.5) setpoint("der_h",176.7) consent("der_e");
@183 setpoint("der_a",0.0) setpoint("der_b",158.4) setpoint("der_c",30.7) setpoint("der_d",111.5) setpoint("der_e",198.7) setpoint("der_f",119.8) setpoint("der_g",16.4) setpoint("der_h",200.0) consent("der_c") consent("der_b");
@184 setpoint("der_a",20.1) setpoint("der_b",158.6) setpoint("der_c",36.9) setpoint("der_d",85.7) setpoint("der_e",200.0) setpoint("der_f",94.5) setpoint("der_g",0.0) setpoint("der_h",196.8);
@185 setpoint("der_a",34.6) setpoint("der_b",176.0) setpoint("der_c",9.3) setpoint("der_d",20.2) setpoint("der_e",200.0) setpoint("der_f",104.2) setpoint("der_g",40.2) setpoint("der_h",190.7);
@186 setpoint("der_a",0.0) setpoint("der_b",200.0) setpoint("der_c",0.0) setpoint("der_d",19.5) setpoint("der_e",200.0) setpoint("der_f",122.7) setpoint("der_g",66.2) setpoint("der_h",189.1) consent("der_g");
@187 setpoint("der_a",0.0) setpoint("der_b",200.0) setpoint("der_c",0.0) setpoint("der_d",13.9) setpoint("der_e",179.7) setpoint("der_f",103.5) setpoint("der_g",68.8) setpoint("der_h",173.2) consent("der_c");
@188 setpoint("der_a",5.4) setpoint("der_b",200.0) setpoint("der_c",26.1) setpoint("der_d",41.1) setpoint("der_e",200.0) setpoint("der_f",92.2) setpoint("der_g",82.4) setpoint("der_h",164.5);
@189 setpoint("der_a",21.6) setpoint("der_b",200.0) setpoint("der_c",11.0) setpoint("der_d",41.7) setpoint("der_e",187.4) setpoint("der_f",104.7) setpoint("der_g",81.4) setpoint("der_h",147.3);
@190 setpoint("der_a",6.9) setpoint("der_b",171.0) setpoint("der_c",1.5) setpoint("der_d",37.9) setpoint("der_e",200.0) setpoint("der_f",93.0) setpoint("der_g",71.8) setpoint("der_h",160.5);
@191 setpoint("der_a",0.0) setpoint("der_b",152.0) setpoint("der_c",0.0) setpoint("der_d",59.1) setpoint("der_e",200.0) setpoint("der_f",88.6) setpoint("der_g",88.2) setpoint("der_h",137.7);
@192 setpoint("der_a",7.5) setpoint("der_b",123.2) setpoint("der_c",6.7) setpoint("der_d",41.1) setpoint("der_e",200.0) setpoint("der_f",93.8) setpoint("der_g",77.5) setpoint("der_h",200.0) consent("der_d") consent("der_f");
@193 setpoint("der_a",28.9) setpoint("der_b",128.4) setpoint("der_c",0.0) setpoint("der_d",59.7) setpoint("der_e",200.0) setpoint("der_f",123.0) setpoint("der_g",140.6) setpoint("der_h",180.5);
@194 setpoint("der_a",11.7) setpoint("der_b",43.2) setpoint("der_c",0.0) setpoint("der_d",57.0) setpoint("der_e",190.9) setpoint("der_f",135.8) setpoint("der_g",142.3) setpoint("der_h",167.9);
@195 setpoint("der_a",0.0) setpoint("der_b",45.1) setpoint("der_c",0.0) setpoint("der_d",47.3) setpoint("der_e",200.0) setpoint("der_f",129.9) setpoint("der_g",152.0) setpoint("der_h",164.7);
@196 setpoint("der_a",0.0) setpoint("der_b",63.2) setpoint("der_c",0.0) setpoint("der_d",28.5) setpoint("der_e",200.0) setpoint("der_f",146.1) setpoint("der_g",174.2) setpoint("der_h",166.8) consent("der_f");
@197 setpoint("der_a",14.6) setpoint("der_b",40.8) setpoint("der_c",0.0) setpoint("der_d",8.3) setpoint("der_e",156.0) setpoint("der_f",151.6) setpoint("der_g",174.9) setpoint("der_h",185.2);
@198 setpoint("der_a",38.5) setpoint("der_b",12.4) setpoint("der_c",0.0) setpoint("der_d",0.0) setpoint("der_e",166.3) setpoint("der_f",165.7) setpoint("der_g",85.4) setpoint("der_h",200.0);
@199 setpoint("der_a",41.1) setpoint("der_b",30.8) setpoint("der_c",26.4) setpoint("der_d",0.0) setpoint("der_e",166.9) setpoint("der_f",154.0) setpoint("der_g",34.5) setpoint("der_h",192.1) consent("der_a");
