@0 covers("agg_0","pr_0_0") covers("agg_0","pr_0_1");
@1 covers("agg_1","pr_1_0");
@2 covers("agg_2","pr_2_0") covers("agg_2","pr_2_1") covers("agg_2","pr_2_2") covers("agg_2","pr_2_3") covers("agg_2","pr_2_4");
@3 covers("agg_3","pr_3_0") covers("agg_3","pr_3_1") covers("agg_3","pr_3_2");
@4 covers("agg_4","pr_4_0") covers("agg_4","pr_4_1") covers("agg_4","pr_4_2") covers("agg_4","pr_4_3") covers("agg_4","pr_4_4") covers("agg_4","pr_4_5");
@5 covers("agg_5","pr_5_0") covers("agg_5","pr_5_1") covers("agg_5","pr_5_2") covers("agg_5","pr_5_3");
@6 covers("agg_6","pr_6_0") covers("agg_6","pr_6_1") covers("agg_6","pr_6_2") covers("agg_6","pr_6_3") covers("agg_6","pr_6_4") covers("agg_6","pr_6_5");
@7 covers("agg_7","pr_7_0") covers("agg_7","pr_7_1") covers("agg_7","pr_7_2");
@8 covers("agg_8","pr_8_0") covers("agg_8","pr_8_1") covers("agg_8","pr_8_2") covers("agg_8","pr_8_3") covers("agg_8","pr_8_4") covers("agg_8","pr_8_5") covers("agg_8","pr_8_6");
@9 covers("agg_9","pr_9_0") covers("agg_9","pr_9_1") covers("agg_9","pr_9_2") covers("agg_9","pr_9_3") covers("agg_9","pr_9_4") covers("agg_9","pr_9_5") covers("agg_9","pr_9_6") covers("agg_9","pr_9_7");
@10 covers("agg_10","pr_10_0") covers("agg_10","pr_10_1") covers("agg_10","pr_10_2") covers("agg_10","pr_10_3") covers("agg_10","pr_10_4") covers("agg_10","pr_10_5");
@11 covers("agg_11","pr_11_0") covers("agg_11","pr_11_1");
@12 covers("agg_12","pr_12_0") covers("agg_12","pr_12_1") covers("agg_12","pr_12_2") covers("agg_12","pr_12_3") covers("agg_12","pr_12_4");
@13 covers("agg_13","pr_13_0") covers("agg_13","pr_13_1") covers("agg_13","pr_13_2") covers("agg_13","pr_13_3") covers("agg_13","pr_13_4") covers("agg_13","pr_13_5") covers("agg_13","pr_13_6");
@14 covers("agg_14","pr_14_0") covers("agg_14","pr_14_1") covers("agg_14","pr_14_2") covers("agg_14","pr_14_3") covers("agg_14","pr_14_4") covers("agg_14","pr_14_5");
@15 covers("agg_15","pr_15_0") covers("agg_15","pr_15_1") covers("agg_15","pr_15_2");
@16 covers("agg_16","pr_16_0") covers("agg_16","pr_16_1") covers("agg_16","pr_16_2") covers("agg_16","pr_16_3") covers("agg_16","pr_16_4") covers("agg_16","pr_16_5") covers("agg_16","pr_16_6") covers("agg_16","pr_16_7");
@17 covers("agg_17","pr_17_0") covers("agg_17","pr_17_1") covers("agg_17","pr_17_2");
@18 covers("agg_18","pr_18_0") covers("agg_18","pr_18_1") covers("agg_18","pr_18_2") covers("agg_18","pr_18_3") covers("agg_18","pr_18_4") covers("agg_18","pr_18_5") covers("agg_18","pr_18_6") covers("agg_18","pr_18_7") covers("agg_18","pr_18_8");
@19 covers("agg_19","pr_19_0") covers("agg_19","pr_19_1");
@20 covers("agg_20","pr_20_0") covers("agg_20","pr_20_1") covers("agg_20","pr_20_2");
@21 covers("agg_21","pr_21_0") covers("agg_21","pr_21_1") covers("agg_21","pr_21_2") covers("agg_21","pr_21_3") covers("agg_21","pr_21_4") covers("agg_21","pr_21_5");
@22 covers("agg_22","pr_22_0") covers("agg_22","pr_22_1") covers("agg_22","pr_22_2") covers("agg_22","pr_22_3") covers("agg_22","pr_22_4") covers("agg_22","pr_22_5") covers("agg_22","pr_22_6");
@23 covers("agg_23","pr_23_0") covers("agg_23","pr_23_1") covers("agg_23","pr_23_2") covers("agg_23","pr_23_3") covers("agg_23","pr_23_4");
@24 covers("agg_24","pr_24_0") covers("agg_24","pr_24_1") covers("agg_24","pr_24_2") covers("agg_24","pr_24_3") covers("agg_24","pr_24_4") covers("agg_24","pr_24_5");
@25 covers("agg_25","pr_25_0") covers("agg_25","pr_25_1") covers("agg_25","pr_25_2") covers("agg_25","pr_25_3");
@26 covers("agg_26","pr_26_0") covers("agg_26","pr_26_1") covers("agg_26","pr_26_2") covers("agg_26","pr_26_3");
@27 covers("agg_27","pr_27_0");
@28 covers("agg_28","pr_28_0") covers("agg_28","pr_28_1");
@29 covers("agg_29","pr_29_0") covers("agg_29","pr_29_1") covers("agg_29","pr_29_2") covers("agg_29","pr_29_3") covers("agg_29","pr_29_4");
@30 covers("agg_30","pr_30_0") covers("agg_30","pr_30_1") covers("agg_30","pr_30_2") covers("agg_30","pr_30_3");
@31 covers("agg_31","pr_31_0") covers("agg_31","pr_31_1");
@32 covers("agg_32","pr_32_0") covers("agg_32","pr_32_1") covers("agg_32","pr_32_2") covers("agg_32","pr_32_3") covers("agg_32","pr_32_4") covers("agg_32","pr_32_5") covers("agg_32","pr_32_6");
@33 covers("agg_33","pr_33_0") covers("agg_33","pr_33_1") covers("agg_33","pr_33_2") covers("agg_33","pr_33_3") covers("agg_33","pr_33_4") covers("agg_33","pr_33_5") covers("agg_33","pr_33_6");
@34 covers("agg_34","pr_34_0") covers("agg_34","pr_34_1") covers("agg_34","pr_34_2");
@35 covers("agg_35","pr_35_0") covers("agg_35","pr_35_1") covers("agg_35","pr_35_2") covers("agg_35","pr_35_3") covers("agg_35","pr_35_4") covers("agg_35","pr_35_5") covers("agg_35","pr_35_6") covers("agg_35","pr_35_7");
@36 covers("agg_36","pr_36_0") covers("agg_36","pr_36_1") covers("agg_36","pr_36_2") covers("agg_36","pr_36_3") covers("agg_36","pr_36_4");
@37 covers("agg_37","pr_37_0") covers("agg_37","pr_37_1") covers("agg_37","pr_37_2") covers("agg_37","pr_37_3") covers("agg_37","pr_37_4") covers("agg_37","pr_37_5");
@38 covers("agg_38","pr_38_0") covers("agg_38","pr_38_1") covers("agg_38","pr_38_2") covers("agg_38","pr_38_3") covers("agg_38","pr_38_4");
@39 covers("agg_39","pr_39_0") covers("agg_39","pr_39_1") covers("agg_39","pr_39_2");
@40 covers("agg_40","pr_40_0") covers("agg_40","pr_40_1") covers("agg_40","pr_40_2") covers("agg_40","pr_40_3");
@41 covers("agg_41","pr_41_0") covers("agg_41","pr_41_1") covers("agg_41","pr_41_2");
@42 covers("agg_42","pr_42_0") covers("agg_42","pr_42_1") covers("agg_42","pr_42_2") covers("agg_42","pr_42_3") covers("agg_42","pr_42_4");
@43 covers("agg_43","pr_43_0") covers("agg_43","pr_43_1") covers("agg_43","pr_43_2") covers("agg_43","pr_43_3") covers("agg_43","pr_43_4");
@44 covers("agg_44","pr_44_0") covers("agg_44","pr_44_1");
@45 covers("agg_45","pr_45_0") covers("agg_45","pr_45_1") covers("agg_45","pr_45_2") covers("agg_45","pr_45_3");
@46 covers("agg_46","pr_46_0") covers("agg_46","pr_46_1") covers("agg_46","pr_46_2") covers("agg_46","pr_46_3") covers("agg_46","pr_46_4") covers("agg_46","pr_46_5") covers("agg_46","pr_46_6");
@47 covers("agg_47","pr_47_0") covers("agg_47","pr_47_1") covers("agg_47","pr_47_2") covers("agg_47","pr_47_3") covers("agg_47","pr_47_4") covers("agg_47","pr_47_5") covers("agg_47","pr_47_6");
@48 covers("agg_48","pr_48_0") covers("agg_48","pr_48_1") covers("agg_48","pr_48_2") covers("agg_48","pr_48_3") covers("agg_48","pr_48_4") covers("agg_48","pr_48_5");
@49 covers("agg_49","pr_49_0") covers("agg_49","pr_49_1") covers("agg_49","pr_49_2");
@50 covers("agg_50","pr_50_0") covers("agg_50","pr_50_1") covers("agg_50","pr_50_2") covers("agg_50","pr_50_3") covers("agg_50","pr_50_4") covers("agg_50","pr_50_5");
@51 covers("agg_51","pr_51_0") covers("agg_51","pr_51_1") covers("agg_51","pr_51_2") covers("agg_51","pr_51_3") covers("agg_51","pr_51_4") covers("agg_51","pr_51_5") covers("agg_51","pr_51_6") covers("agg_51","pr_51_7") covers("agg_51","pr_51_8");
@52 covers("agg_52","pr_52_0");
@53 covers("agg_53","pr_53_0") covers("agg_53","pr_53_1") covers("agg_53","pr_53_2") covers("agg_53","pr_53_3") covers("agg_53","pr_53_4") covers("agg_53","pr_53_5") covers("agg_53","pr_53_6") covers("agg_53","pr_53_7") covers("agg_53","pr_53_8");
@54 covers("agg_54","pr_54_0") covers("agg_54","pr_54_1");
@55 covers("agg_55","pr_55_0") covers("agg_55","pr_55_1") covers("agg_55","pr_55_2") covers("agg_55","pr_55_3") covers("agg_55","pr_55_4") covers("agg_55","pr_55_5") covers("agg_55","pr_55_6") covers("agg_55","pr_55_7") covers("agg_55","pr_55_8");
@56 covers("agg_56","pr_56_0");
@57 covers("agg_57","pr_57_0") covers("agg_57","pr_57_1") covers("agg_57","pr_57_2") covers("agg_57","pr_57_3") covers("agg_57","pr_57_4") covers("agg_57","pr_57_5") covers("agg_57","pr_57_6") covers("agg_57","pr_57_7");
@58 covers("agg_58","pr_58_0") covers("agg_58","pr_58_1") covers("agg_58","pr_58_2") covers("agg_58","pr_58_3") covers("agg_58","pr_58_4");
@59 covers("agg_59","pr_59_0") covers("agg_59","pr_59_1") covers("agg_59","pr_59_2") covers("agg_59","pr_59_3") covers("agg_59","pr_59_4") covers("agg_59","pr_59_5") covers("agg_59","pr_59_6") covers("agg_59","pr_59_7") covers("agg_59","pr_59_8");
@60 covers("agg_60","pr_60_0") covers("agg_60","pr_60_1") covers("agg_60","pr_60_2") covers("agg_60","pr_60_3") covers("agg_60","pr_60_4");
@61 covers("agg_61","pr_61_0") covers("agg_61","pr_61_1") covers("agg_61","pr_61_2") covers("agg_61","pr_61_3") covers("agg_61","pr_61_4");
@62 covers("agg_62","pr_62_0") covers("agg_62","pr_62_1") covers("agg_62","pr_62_2") covers("agg_62","pr_62_3") covers("agg_62","pr_62_4");
@63 covers("agg_63","pr_63_0") covers("agg_63","pr_63_1") covers("agg_63","pr_63_2") covers("agg_63","pr_63_3") covers("agg_63","pr_63_4") covers("agg_63","pr_63_5") covers("agg_63","pr_63_6") covers("agg_63","pr_63_7");
@64 covers("agg_64","pr_64_0") covers("agg_64","pr_64_1") covers("agg_64","pr_64_2");
@65 covers("agg_65","pr_65_0") covers("agg_65","pr_65_1") covers("agg_65","pr_65_2") covers("agg_65","pr_65_3") covers("agg_65","pr_65_4");
@66 covers("agg_66","pr_66_0") covers("agg_66","pr_66_1") covers("agg_66","pr_66_2") covers("agg_66","pr_66_3");
@67 covers("agg_67","pr_67_0") covers("agg_67","pr_67_1") covers("agg_67","pr_67_2") covers("agg_67","pr_67_3") covers("agg_67","pr_67_4") covers("agg_67","pr_67_5");
@68 covers("agg_68","pr_68_0") covers("agg_68","pr_68_1") covers("agg_68","pr_68_2") covers("agg_68","pr_68_3") covers("agg_68","pr_68_4") covers("agg_68","pr_68_5");
@69 covers("agg_69","pr_69_0") covers("agg_69","pr_69_1") covers("agg_69","pr_69_2") covers("agg_69","pr_69_3") covers("agg_69","pr_69_4") covers("agg_69","pr_69_5");
@70 covers("agg_70","pr_70_0") covers("agg_70","pr_70_1") covers("agg_70","pr_70_2") covers("agg_70","pr_70_3") covers("agg_70","pr_70_4");
@71 covers("agg_71","pr_71_0") covers("agg_71","pr_71_1") covers("agg_71","pr_71_2") covers("agg_71","pr_71_3") covers("agg_71","pr_71_4") covers("agg_71","pr_71_5") covers("agg_71","pr_71_6");
@72 covers("agg_72","pr_72_0") covers("agg_72","pr_72_1") covers("agg_72","pr_72_2") covers("agg_72","pr_72_3") covers("agg_72","pr_72_4") covers("agg_72","pr_72_5");
@73 covers("agg_73","pr_73_0") covers("agg_73","pr_73_1") covers("agg_73","pr_73_2") covers("agg_73","pr_73_3") covers("agg_73","pr_73_4") covers("agg_73","pr_73_5") covers("agg_73","pr_73_6");
@74 covers("agg_74","pr_74_0") covers("agg_74","pr_74_1") covers("agg_74","pr_74_2") covers("agg_74","pr_74_3") covers("agg_74","pr_74_4") covers("agg_74","pr_74_5") covers("agg_74","pr_74_6");
@75 covers("agg_75","pr_75_0") covers("agg_75","pr_75_1") covers("agg_75","pr_75_2") covers("agg_75","pr_75_3") covers("agg_75","pr_75_4") covers("agg_75","pr_75_5");
@76 covers("agg_76","pr_76_0");
@77 covers("agg_77","pr_77_0");
@78 covers("agg_78","pr_78_0") covers("agg_78","pr_78_1");
@79 covers("agg_79","pr_79_0") covers("agg_79","pr_79_1") covers("agg_79","pr_79_2") covers("agg_79","pr_79_3");
@80 covers("agg_80","pr_80_0") covers("agg_80","pr_80_1") covers("agg_80","pr_80_2") covers("agg_80","pr_80_3") covers("agg_80","pr_80_4") covers("agg_80","pr_80_5");
@81 covers("agg_81","pr_81_0") covers("agg_81","pr_81_1") covers("agg_81","pr_81_2") covers("agg_81","pr_81_3") covers("agg_81","pr_81_4");
@82 covers("agg_82","pr_82_0");
@83 covers("agg_83","pr_83_0") covers("agg_83","pr_83_1");
@84 covers("agg_84","pr_84_0") covers("agg_84","pr_84_1") covers("agg_84","pr_84_2") covers("agg_84","pr_84_3") covers("agg_84","pr_84_4") covers("agg_84","pr_84_5") covers("agg_84","pr_84_6") covers("agg_84","pr_84_7");
@85 covers("agg_85","pr_85_0") covers("agg_85","pr_85_1");
@86 covers("agg_86","pr_86_0") covers("agg_86","pr_86_1") covers("agg_86","pr_86_2") covers("agg_86","pr_86_3") covers("agg_86","pr_86_4") covers("agg_86","pr_86_5");
@87 covers("agg_87","pr_87_0") covers("agg_87","pr_87_1") covers("agg_87","pr_87_2") covers("agg_87","pr_87_3") covers("agg_87","pr_87_4") covers("agg_87","pr_87_5");
@88 covers("agg_88","pr_88_0") covers("agg_88","pr_88_1") covers("agg_88","pr_88_2") covers("agg_88","pr_88_3") covers("agg_88","pr_88_4") covers("agg_88","pr_88_5") covers("agg_88","pr_88_6") covers("agg_88","pr_88_7");
@89 covers("agg_89","pr_89_0") covers("agg_89","pr_89_1") covers("agg_89","pr_89_2");
@90 covers("agg_90","pr_90_0") covers("agg_90","pr_90_1") covers("agg_90","pr_90_2") covers("agg_90","pr_90_3") covers("agg_90","pr_90_4") covers("agg_90","pr_90_5") covers("agg_90","pr_90_6") covers("agg_90","pr_90_7");
@91 covers("agg_91","pr_91_0") covers("agg_91","pr_91_1");
@92 covers("agg_92","pr_92_0") covers("agg_92","pr_92_1") covers("agg_92","pr_92_2") covers("agg_92","pr_92_3") covers("agg_92","pr_92_4") covers("agg_92","pr_92_5");
@93 covers("agg_93","pr_93_0") covers("agg_93","pr_93_1") covers("agg_93","pr_93_2") covers("agg_93","pr_93_3") covers("agg_93","pr_93_4");
@94 covers("agg_94","pr_94_0") covers("agg_94","pr_94_1") covers("agg_94","pr_94_2") covers("agg_94","pr_94_3") covers("agg_94","pr_94_4") covers("agg_94","pr_94_5");
@95 covers("agg_95","pr_95_0") covers("agg_95","pr_95_1") covers("agg_95","pr_95_2");
@96 covers("agg_96","pr_96_0") covers("agg_96","pr_96_1") covers("agg_96","pr_96_2") covers("agg_96","pr_96_3") covers("agg_96","pr_96_4") covers("agg_96","pr_96_5") covers("agg_96","pr_96_6") covers("agg_96","pr_96_7") covers("agg_96","pr_96_8");
@97 covers("agg_97","pr_97_0") covers("agg_97","pr_97_1");
@98 covers("agg_98","pr_98_0") covers("agg_98","pr_98_1") covers("agg_98","pr_98_2") covers("agg_98","pr_98_3") covers("agg_98","pr_98_4") covers("agg_98","pr_98_5");
@99 covers("agg_99","pr_99_0") covers("agg_99","pr_99_1");
@100 covers("agg_100","pr_100_0") covers("agg_100","pr_100_1") covers("agg_100","pr_100_2") covers("agg_100","pr_100_3");
@101 covers("agg_101","pr_101_0");
@102 covers("agg_102","pr_102_0") covers("agg_102","pr_102_1") covers("agg_102","pr_102_2") covers("agg_102","pr_102_3") covers("agg_102","pr_102_4");
@103 covers("agg_103","pr_103_0") covers("agg_103","pr_103_1") covers("agg_103","pr_103_2") covers("agg_103","pr_103_3") covers("agg_103","pr_103_4");
@104 covers("agg_104","pr_104_0") covers("agg_104","pr_104_1") covers("agg_104","pr_104_2");
@105 covers("agg_105","pr_105_0") covers("agg_105","pr_105_1") covers("agg_105","pr_105_2") covers("agg_105","pr_105_3") covers("agg_105","pr_105_4") covers("agg_105","pr_105_5") covers("agg_105","pr_105_6") covers("agg_105","pr_105_7") covers("agg_105","pr_105_8");
@106 covers("agg_106","pr_106_0");
@107 covers("agg_107","pr_107_0") covers("agg_107","pr_107_1") covers("agg_107","pr_107_2") covers("agg_107","pr_107_3") covers("agg_107","pr_107_4");
@108 covers("agg_108","pr_108_0") covers("agg_108","pr_108_1") covers("agg_108","pr_108_2") covers("agg_108","pr_108_3") covers("agg_108","pr_108_4") covers("agg_108","pr_108_5") covers("agg_108","pr_108_6");
@109 covers("agg_109","pr_109_0") covers("agg_109","pr_109_1") covers("agg_109","pr_109_2") covers("agg_109","pr_109_3") covers("agg_109","pr_109_4");
@110 covers("agg_110","pr_110_0") covers("agg_110","pr_110_1") covers("agg_110","pr_110_2") covers("agg_110","pr_110_3");
@111 covers("agg_111","pr_111_0") covers("agg_111","pr_111_1") covers("agg_111","pr_111_2") covers("agg_111","pr_111_3");
@112 covers("agg_112","pr_112_0") covers("agg_112","pr_112_1") covers("agg_112","pr_112_2") covers("agg_112","pr_112_3") covers("agg_112","pr_112_4") covers("agg_112","pr_112_5") covers("agg_112","pr_112_6") covers("agg_112","pr_112_7") covers("agg_112","pr_112_8");
@113 covers("agg_113","pr_113_0") covers("agg_113","pr_113_1") covers("agg_113","pr_113_2") covers("agg_113","pr_113_3") covers("agg_113","pr_113_4") covers("agg_113","pr_113_5");
@114 covers("agg_114","pr_114_0") covers("agg_114","pr_114_1") covers("agg_114","pr_114_2") covers("agg_114","pr_114_3") covers("agg_114","pr_114_4") covers("agg_114","pr_114_5") covers("agg_114","pr_114_6") covers("agg_114","pr_114_7") covers("agg_114","pr_114_8");
@115 covers("agg_115","pr_115_0") covers("agg_115","pr_115_1") covers("agg_115","pr_115_2") covers("agg_115","pr_115_3");
@116 covers("agg_116","pr_116_0") covers("agg_116","pr_116_1") covers("agg_116","pr_116_2") covers("agg_116","pr_116_3");
@117 covers("agg_117","pr_117_0") covers("agg_117","pr_117_1") covers("agg_117","pr_117_2") covers("agg_117","pr_117_3") covers("agg_117","pr_117_4");
@118 covers("agg_118","pr_118_0") covers("agg_118","pr_118_1");
@119 covers("agg_119","pr_119_0");
@120 covers("agg_120","pr_120_0") covers("agg_120","pr_120_1") covers("agg_120","pr_120_2") covers("agg_120","pr_120_3") covers("agg_120","pr_120_4");
@121 covers("agg_121","pr_121_0") covers("agg_121","pr_121_1");
@122 covers("agg_122","pr_122_0") covers("agg_122","pr_122_1") covers("agg_122","pr_122_2") covers("agg_122","pr_122_3") covers("agg_122","pr_122_4") covers("agg_122","pr_122_5") covers("agg_122","pr_122_6") covers("agg_122","pr_122_7") covers("agg_122","pr_122_8");
@123 covers("agg_123","pr_123_0") covers("agg_123","pr_123_1") covers("agg_123","pr_123_2") covers("agg_123","pr_123_3") covers("agg_123","pr_123_4") covers("agg_123","pr_123_5") covers("agg_123","pr_123_6");
@124 covers("agg_124","pr_124_0") covers("agg_124","pr_124_1") covers("agg_124","pr_124_2");
@125 covers("agg_125","pr_125_0") covers("agg_125","pr_125_1") covers("agg_125","pr_125_2") covers("agg_125","pr_125_3") covers("agg_125","pr_125_4") covers("agg_125","pr_125_5") covers("agg_125","pr_125_6");
@126 covers("agg_126","pr_126_0") covers("agg_126","pr_126_1") covers("agg_126","pr_126_2") covers("agg_126","pr_126_3") covers("agg_126","pr_126_4") covers("agg_126","pr_126_5") covers("agg_126","pr_126_6") covers("agg_126","pr_126_7");
@127 covers("agg_127","pr_127_0") covers("agg_127","pr_127_1") covers("agg_127","pr_127_2");
@128 covers("agg_128","pr_128_0") covers("agg_128","pr_128_1") covers("agg_128","pr_128_2") covers("agg_128","pr_128_3") covers("agg_128","pr_128_4") covers("agg_128","pr_128_5") covers("agg_128","pr_128_6") covers("agg_128","pr_128_7");
@129 covers("agg_129","pr_129_0") covers("agg_129","pr_129_1") covers("agg_129","pr_129_2") covers("agg_129","pr_129_3") covers("agg_129","pr_129_4") covers("agg_129","pr_129_5");
@130 covers("agg_130","pr_130_0") covers("agg_130","pr_130_1") covers("agg_130","pr_130_2");
@131 covers("agg_131","pr_131_0") covers("agg_131","pr_131_1") covers("agg_131","pr_131_2") covers("agg_131","pr_131_3") covers("agg_131","pr_131_4") covers("agg_131","pr_131_5") covers("agg_131","pr_131_6");
@132 covers("agg_132","pr_132_0") covers("agg_132","pr_132_1") covers("agg_132","pr_132_2") covers("agg_132","pr_132_3") covers("agg_132","pr_132_4") covers("agg_132","pr_132_5") covers("agg_132","pr_132_6") covers("agg_132","pr_132_7") covers("agg_132","pr_132_8");
@133 covers("agg_133","pr_133_0") covers("agg_133","pr_133_1") covers("agg_133","pr_133_2") covers("agg_133","pr_133_3") covers("agg_133","pr_133_4") covers("agg_133","pr_133_5") covers("agg_133","pr_133_6");
@134 covers("agg_134","pr_134_0") covers("agg_134","pr_134_1") covers("agg_134","pr_134_2") covers("agg_134","pr_134_3") covers("agg_134","pr_134_4");
@135 covers("agg_135","pr_135_0") covers("agg_135","pr_135_1") covers("agg_135","pr_135_2") covers("agg_135","pr_135_3") covers("agg_135","pr_135_4") covers("agg_135","pr_135_5");
@136 covers("agg_136","pr_136_0");
@137 covers("agg_137","pr_137_0") covers("agg_137","pr_137_1") covers("agg_137","pr_137_2") covers("agg_137","pr_137_3") covers("agg_137","pr_137_4") covers("agg_137","pr_137_5") covers("agg_137","pr_137_6") covers("agg_137","pr_137_7");
@138 covers("agg_138","pr_138_0") covers("agg_138","pr_138_1") covers("agg_138","pr_138_2") covers("agg_138","pr_138_3");
@139 covers("agg_139","pr_139_0") covers("agg_139","pr_139_1");
@140 covers("agg_140","pr_140_0") covers("agg_140","pr_140_1") covers("agg_140","pr_140_2") covers("agg_140","pr_140_3") covers("agg_140","pr_140_4");
@141 covers("agg_141","pr_141_0") covers("agg_141","pr_141_1") covers("agg_141","pr_141_2") covers("agg_141","pr_141_3") covers("agg_141","pr_141_4") covers("agg_141","pr_141_5") covers("agg_141","pr_141_6") covers("agg_141","pr_141_7");
@142 covers("agg_142","pr_142_0") covers("agg_142","pr_142_1") covers("agg_142","pr_142_2");
@143 covers("agg_143","pr_143_0") covers("agg_143","pr_143_1") covers("agg_143","pr_143_2") covers("agg_143","pr_143_3") covers("agg_143","pr_143_4") covers("agg_143","pr_143_5") covers("agg_143","pr_143_6") covers("agg_143","pr_143_7");
@144 covers("agg_144","pr_144_0") covers("agg_144","pr_144_1") covers("agg_144","pr_144_2") covers("agg_144","pr_144_3") covers("agg_144","pr_144_4");
@145 covers("agg_145","pr_145_0") covers("agg_145","pr_145_1") covers("agg_145","pr_145_2") covers("agg_145","pr_145_3") covers("agg_145","pr_145_4");
@146 covers("agg_146","pr_146_0") covers("agg_146","pr_146_1") covers("agg_146","pr_146_2") covers("agg_146","pr_146_3");
@147 covers("agg_147","pr_147_0") covers("agg_147","pr_147_1") covers("agg_147","pr_147_2") covers("agg_147","pr_147_3") covers("agg_147","pr_147_4") covers("agg_147","pr_147_5");
@148 covers("agg_148","pr_148_0") covers("agg_148","pr_148_1");
@149 covers("agg_149","pr_149_0") covers("agg_149","pr_149_1") covers("agg_149","pr_149_2") covers("agg_149","pr_149_3");
@150 covers("agg_150","pr_150_0") covers("agg_150","pr_150_1") covers("agg_150","pr_150_2") covers("agg_150","pr_150_3") covers("agg_150","pr_150_4") covers("agg_150","pr_150_5") covers("agg_150","pr_150_6");
@151 covers("agg_151","pr_151_0") covers("agg_151","pr_151_1") covers("agg_151","pr_151_2") covers("agg_151","pr_151_3") covers("agg_151","pr_151_4") covers("agg_151","pr_151_5") covers("agg_151","pr_151_6") covers("agg_151","pr_151_7");
@152 covers("agg_152","pr_152_0") covers("agg_152","pr_152_1") covers("agg_152","pr_152_2") covers("agg_152","pr_152_3") covers("agg_152","pr_152_4") covers("agg_152","pr_152_5");
@153 covers("agg_153","pr_153_0") covers("agg_153","pr_153_1") covers("agg_153","pr_153_2") covers("agg_153","pr_153_3");
@154 covers("agg_154","pr_154_0") covers("agg_154","pr_154_1") covers("agg_154","pr_154_2") covers("agg_154","pr_154_3") covers("agg_154","pr_154_4") covers("agg_154","pr_154_5") covers("agg_154","pr_154_6");
@155 covers("agg_155","pr_155_0") covers("agg_155","pr_155_1") covers("agg_155","pr_155_2") covers("agg_155","pr_155_3") covers("agg_155","pr_155_4") covers("agg_155","pr_155_5") covers("agg_155","pr_155_6");
@156 covers("agg_156","pr_156_0") covers("agg_156","pr_156_1") covers("agg_156","pr_156_2") covers("agg_156","pr_156_3") covers("agg_156","pr_156_4") covers("agg_156","pr_156_5");
@157 covers("agg_157","pr_157_0") covers("agg_157","pr_157_1") covers("agg_157","pr_157_2") covers("agg_157","pr_157_3") covers("agg_157","pr_157_4") covers("agg_157","pr_157_5") covers("agg_157","pr_157_6") covers("agg_157","pr_157_7");
@158 covers("agg_158","pr_158_0") covers("agg_158","pr_158_1") covers("agg_158","pr_158_2") covers("agg_158","pr_158_3") covers("agg_158","pr_158_4");
@159 covers("agg_159","pr_159_0") covers("agg_159","pr_159_1") covers("agg_159","pr_159_2") covers("agg_159","pr_159_3") covers("agg_159","pr_159_4") covers("agg_159","pr_159_5") covers("agg_159","pr_159_6") covers("agg_159","pr_159_7") covers("agg_159","pr_159_8");
@160 covers("agg_160","pr_160_0") covers("agg_160","pr_160_1") covers("agg_160","pr_160_2");
@161 covers("agg_161","pr_161_0") covers("agg_161","pr_161_1") covers("agg_161","pr_161_2");
@162 covers("agg_162","pr_162_0") covers("agg_162","pr_162_1") covers("agg_162","pr_162_2") covers("agg_162","pr_162_3") covers("agg_162","pr_162_4");
@163 covers("agg_163","pr_163_0") covers("agg_163","pr_163_1") covers("agg_163","pr_163_2");
@164 covers("agg_164","pr_164_0") covers("agg_164","pr_164_1") covers("agg_164","pr_164_2") covers("agg_164","pr_164_3") covers("agg_164","pr_164_4");
@165 covers("agg_165","pr_165_0");
@166 covers("agg_166","pr_166_0") covers("agg_166","pr_166_1") covers("agg_166","pr_166_2");
@167 covers("agg_167","pr_167_0") covers("agg_167","pr_167_1");
@168 covers("agg_168","pr_168_0") covers("agg_168","pr_168_1") covers("agg_168","pr_168_2") covers("agg_168","pr_168_3") covers("agg_168","pr_168_4") covers("agg_168","pr_168_5") covers("agg_168","pr_168_6");
@169 covers("agg_169","pr_169_0") covers("agg_169","pr_169_1") covers("agg_169","pr_169_2") covers("agg_169","pr_169_3");
@170 covers("agg_170","pr_170_0");
@171 covers("agg_171","pr_171_0") covers("agg_171","pr_171_1");
@172 covers("agg_172","pr_172_0") covers("agg_172","pr_172_1");
@173 covers("agg_173","pr_173_0") covers("agg_173","pr_173_1") covers("agg_173","pr_173_2") covers("agg_173","pr_173_3");
@174 covers("agg_174","pr_174_0") covers("agg_174","pr_174_1") covers("agg_174","pr_174_2") covers("agg_174","pr_174_3") covers("agg_174","pr_174_4") covers("agg_174","pr_174_5") covers("agg_174","pr_174_6") covers("agg_174","pr_174_7") covers("agg_174","pr_174_8");
@175 covers("agg_175","pr_175_0");
@176 covers("agg_176","pr_176_0") covers("agg_176","pr_176_1") covers("agg_176","pr_176_2") covers("agg_176","pr_176_3") covers("agg_176","pr_176_4");
@177 covers("agg_177","pr_177_0") covers("agg_177","pr_177_1") covers("agg_177","pr_177_2") covers("agg_177","pr_177_3") covers("agg_177","pr_177_4") covers("agg_177","pr_177_5") covers("agg_177","pr_177_6") covers("agg_177","pr_177_7") covers("agg_177","pr_177_8");
@178 covers("agg_178","pr_178_0") covers("agg_178","pr_178_1") covers("agg_178","pr_178_2") covers("agg_178","pr_178_3");
@179 covers("agg_179","pr_179_0") covers("agg_179","pr_179_1") covers("agg_179","pr_179_2") covers("agg_179","pr_179_3") covers("agg_179","pr_179_4") covers("agg_179","pr_179_5") covers("agg_179","pr_179_6");
@180 covers("agg_180","pr_180_0") covers("agg_180","pr_180_1") covers("agg_180","pr_180_2") covers("agg_180","pr_180_3") covers("agg_180","pr_180_4") covers("agg_180","pr_180_5");
@181 covers("agg_181","pr_181_0") covers("agg_181","pr_181_1") covers("agg_181","pr_181_2") covers("agg_181","pr_181_3") covers("agg_181","pr_181_4");
@182 covers("agg_182","pr_182_0") covers("agg_182","pr_182_1") covers("agg_182","pr_182_2");
@183 covers("agg_183","pr_183_0");
@184 covers("agg_184","pr_184_0") covers("agg_184","pr_184_1") covers("agg_184","pr_184_2");
@185 covers("agg_185","pr_185_0") covers("agg_185","pr_185_1") covers("agg_185","pr_185_2") covers("agg_185","pr_185_3");
@186 covers("agg_186","pr_186_0") covers("agg_186","pr_186_1") covers("agg_186","pr_186_2");
@187 covers("agg_187","pr_187_0") covers("agg_187","pr_187_1") covers("agg_187","pr_187_2");
@188 covers("agg_188","pr_188_0") covers("agg_188","pr_188_1") covers("agg_188","pr_188_2") covers("agg_188","pr_188_3") covers("agg_188","pr_188_4") covers("agg_188","pr_188_5") covers("agg_188","pr_188_6") covers("agg_188","pr_188_7") covers("agg_188","pr_188_8");
@189 covers("agg_189","pr_189_0") covers("agg_189","pr_189_1") covers("agg_189","pr_189_2") covers("agg_189","pr_189_3") covers("agg_189","pr_189_4") covers("agg_189","pr_189_5") covers("agg_189","pr_189_6") covers("agg_189","pr_189_7");
@190 covers("agg_190","pr_190_0") covers("agg_190","pr_190_1") covers("agg_190","pr_190_2");
@191 covers("agg_191","pr_191_0") covers("agg_191","pr_191_1") covers("agg_191","pr_191_2") covers("agg_191","pr_191_3") covers("agg_191","pr_191_4");
@192 covers("agg_192","pr_192_0") covers("agg_192","pr_192_1");
@193 covers("agg_193","pr_193_0") covers("agg_193","pr_193_1") covers("agg_193","pr_193_2") covers("agg_193","pr_193_3") covers("agg_193","pr_193_4") covers("agg_193","pr_193_5") covers("agg_193","pr_193_6") covers("agg_193","pr_193_7");
@194 covers("agg_194","pr_194_0") covers("agg_194","pr_194_1") covers("agg_194","pr_194_2") covers("agg_194","pr_194_3") covers("agg_194","pr_194_4") covers("agg_194","pr_194_5") covers("agg_194","pr_194_6") covers("agg_194","pr_194_7") covers("agg_194","pr_194_8");
@195 covers("agg_195","pr_195_0") covers("agg_195","pr_195_1") covers("agg_195","pr_195_2") covers("agg_195","pr_195_3") covers("agg_195","pr_195_4") covers("agg_195","pr_195_5") covers("agg_195","pr_195_6");
@196 covers("agg_196","pr_196_0") covers("agg_196","pr_196_1") covers("agg_196","pr_196_2") covers("agg_196","pr_196_3") covers("agg_196","pr_196_4") covers("agg_196","pr_196_5") covers("agg_196","pr_196_6") covers("agg_196","pr_196_7");
@197 covers("agg_197","pr_197_0") covers("agg_197","pr_197_1");
@198 covers("agg_198","pr_198_0") covers("agg_198","pr_198_1") covers("agg_198","pr_198_2") covers("agg_198","pr_198_3") covers("agg_198","pr_198_4");
@199 covers("agg_199","pr_199_0") covers("agg_199","pr_199_1") covers("agg_199","pr_199_2") covers("agg_199","pr_199_3") covers("agg_199","pr_199_4") covers("agg_199","pr_199_5") covers("agg_199","pr_199_6") covers("agg_199","pr_199_7") covers("agg_199","pr_199_8");
